// Jest Snapshot v1, https://goo.gl/fbAQLP

exports[`ssr correctly register SVG loader and load SVG correctly 1`] = `
"<!doctype html>
<html data-n-head-ssr data-n-head=\\"\\">
  <head>
    <title data-n-head=\\"true\\"></title><style data-vue-ssr-id=\\"fd547dac:0\\">
.nuxt-progress {
  position: fixed;
  top: 0px;
  left: 0px;
  right: 0px;
  height: 2px;
  width: 0%;
  opacity: 1;
  transition: width 0.1s, opacity 0.4s;
  background-color: black;
  z-index: 999999;
}
.nuxt-progress.nuxt-progress-notransition {
  transition: none;
}
.nuxt-progress-failed {
  background-color: red;
}
</style>
  </head>
  <body data-n-head=\\"\\">
    <div data-server-rendered=\\"true\\" id=\\"__nuxt\\"><!----><div id=\\"__layout\\"><svg xmlns=\\"http://www.w3.org/2000/svg\\" viewBox=\\"0 0 1000 1000\\"><style></style><g id=\\"nuxt\\"><path d=\\"M317.9 852H3.7l408.1-704 408.1 704H507.7\\" fill=\\"#41b883\\"></path><path d=\\"M779.8 852h216.5l-354-608.5-351 608.5h216.5\\" fill=\\"#328170\\"></path><path d=\\"M651.2 852h159.5L549.9 403.8 291.3 852h159.5\\" fill=\\"#35495e\\"></path></g></svg></div></div><script>window.__NUXT__={layout:\\"default\\",data:[{}],error:null,serverRendered:true};</script><script src=\\"/_nuxt/runtime.js\\" defer></script><script src=\\"/_nuxt/pages/index.js\\" defer></script><script src=\\"/_nuxt/commons.app.js\\" defer></script><script src=\\"/_nuxt/vendors.app.js\\" defer></script><script src=\\"/_nuxt/app.js\\" defer></script>
  </body>
</html>
"
`;

exports[`ssr honor custom build.extend function 1`] = `
"<!doctype html>
<html data-n-head-ssr data-n-head=\\"\\">
  <head>
    <title data-n-head=\\"true\\"></title><style data-vue-ssr-id=\\"fd547dac:0\\">
.nuxt-progress {
  position: fixed;
  top: 0px;
  left: 0px;
  right: 0px;
  height: 2px;
  width: 0%;
  opacity: 1;
  transition: width 0.1s, opacity 0.4s;
  background-color: black;
  z-index: 999999;
}
.nuxt-progress.nuxt-progress-notransition {
  transition: none;
}
.nuxt-progress-failed {
  background-color: red;
}
</style>
  </head>
  <body data-n-head=\\"\\">
    <div data-server-rendered=\\"true\\" id=\\"__nuxt\\"><!----><div id=\\"__layout\\"><svg xmlns=\\"http://www.w3.org/2000/svg\\" viewBox=\\"0 0 1000 1000\\"><style></style><g id=\\"nuxt\\"><path d=\\"M317.9 852H3.7l408.1-704 408.1 704H507.7\\" fill=\\"#41b883\\"></path><path d=\\"M779.8 852h216.5l-354-608.5-351 608.5h216.5\\" fill=\\"#328170\\"></path><path d=\\"M651.2 852h159.5L549.9 403.8 291.3 852h159.5\\" fill=\\"#35495e\\"></path></g></svg></div></div><script>window.__NUXT__={layout:\\"default\\",data:[{}],error:null,serverRendered:true};</script><script src=\\"/_nuxt/runtime.js\\" defer></script><script src=\\"/_nuxt/pages/index.js\\" defer></script><script src=\\"/_nuxt/commons.app.js\\" defer></script><script src=\\"/_nuxt/vendors.app.js\\" defer></script><script src=\\"/_nuxt/app.js\\" defer></script>
  </body>
</html>
"
`;

exports[`ssr honor custom loader options 1`] = `
"<!doctype html>
<html data-n-head-ssr data-n-head=\\"\\">
  <head>
    <title data-n-head=\\"true\\"></title><style data-vue-ssr-id=\\"fd547dac:0\\">
.nuxt-progress {
  position: fixed;
  top: 0px;
  left: 0px;
  right: 0px;
  height: 2px;
  width: 0%;
  transition: width 0.2s, opacity 0.4s;
  opacity: 1;
  background-color: #efc14e;
  z-index: 999999;
}
</style>
  </head>
  <body data-n-head=\\"\\">
    <div data-server-rendered=\\"true\\" id=\\"__nuxt\\"><div class=\\"nuxt-progress\\" style=\\"width:0%;height:2px;background-color:black;opacity:0;\\"></div><div id=\\"__layout\\"><svg xmlns=\\"http://www.w3.org/2000/svg\\" viewBox=\\"0 0 1000 1000\\"><style></style><g id=\\"Nuxt_svg__nuxt\\"><path d=\\"M317.9 852H3.7l408.1-704 408.1 704H507.7\\" fill=\\"#41b883\\"></path><path d=\\"M779.8 852h216.5l-354-608.5-351 608.5h216.5\\" fill=\\"#328170\\"></path><path d=\\"M651.2 852h159.5L549.9 403.8 291.3 852h159.5\\" fill=\\"#35495e\\"></path></g></svg></div></div><script>window.__NUXT__={layout:\\"default\\",data:[{}],error:null,serverRendered:true};</script><script src=\\"/_nuxt/runtime.js\\" defer></script><script src=\\"/_nuxt/pages/index.js\\" defer></script><script src=\\"/_nuxt/commons.app.js\\" defer></script><script src=\\"/_nuxt/vendors.app.js\\" defer></script><script src=\\"/_nuxt/app.js\\" defer></script>
  </body>
</html>
"
`;
